HOME  .
QUERY input_init
TEMPL input_build.pdb
RESIDUE     1 A  M     1  A    1     1  M
RESIDUE     2 A  Q     2  A    2     2  Q
RESIDUE     3 A  I     3  A    3     3  I
RESIDUE     4 A  F     4  A    4     4  F
RESIDUE     5 A  V     5  A    5     5  V
RESIDUE     6 A  K     6  A    6     6  K
RESIDUE     7 A  T     7  A    7     7  T
RESIDUE     8 A  L     8  A    8     8  L
RESIDUE     9 A  T     9  A    9     9  T
RESIDUE    10 A  G    10  A   10    10  G
RESIDUE    11 A  K    11  A   11    11  K
RESIDUE    12 A  T    12  A   12    12  T
RESIDUE    13 A  I    13  A   13    13  I
RESIDUE    14 A  T    14  A   14    14  T
RESIDUE    15 A  L    15  A   15    15  L
RESIDUE    16 A  E    16  A   16    16  E
RESIDUE    17 A  V    17  A   17    17  V
RESIDUE    18 A  E    18  A   18    18  E
RESIDUE    19 A  P    19  A   19    19  P
RESIDUE    20 A  S    20  A   20    20  S
RESIDUE    21 A  D    21  A   21    21  D
RESIDUE    22 A  T    22  A   22    22  T
RESIDUE    23 A  I    23  A   23    23  I
RESIDUE    24 A  E    24  A   24    24  E
RESIDUE    25 A  N    25  A   25    25  N
RESIDUE    26 A  V    26  A   26    26  V
RESIDUE    27 A  K    27  A   27    27  K
RESIDUE    28 A  A    28  A   28    28  A
RESIDUE    29 A  K    29  A   29    29  K
RESIDUE    30 A  I    30  A   30    30  I
RESIDUE    31 A  Q    31  A   31    31  Q
RESIDUE    32 A  D    32  A   32    32  D
RESIDUE    33 A  K    33  A   33    33  K
RESIDUE    34 A  E    34  A   34    34  E
RESIDUE    35 A  G    35  A   35    35  G
RESIDUE    36 A  I    36  A   36    36  I
RESIDUE    37 A  P    37  A   37    37  P
RESIDUE    38 A  P    38  A   38    38  P
RESIDUE    39 A  D    39  A   39    39  D
RESIDUE    40 A  Q    40  A   40    40  Q
RESIDUE    41 A  Q    41  A   41    41  Q
RESIDUE    42 A  R    42  A   42    42  R
RESIDUE    43 A  L    43  A   43    43  L
RESIDUE    44 A  I    44  A   44    44  I
RESIDUE    45 A  F    45  A   45    45  F
RESIDUE    46 A  A    46  A   46    46  A
RESIDUE    47 A  G    47  A   47    47  G
RESIDUE    48 A  K    48  A   48    48  K
RESIDUE    49 A  Q    49  A   49    49  Q
RESIDUE    50 A  L    50  A   50    50  L
RESIDUE    51 A  E    51  A   51    51  E
RESIDUE    52 A  D    52  A   52    52  D
RESIDUE    53 A  G    53  A   53    53  G
RESIDUE    54 A  R    54  A   54    54  R
RESIDUE    55 A  T    55  A   55    55  T
RESIDUE    56 A  L    56  A   56    56  L
RESIDUE    57 A  S    57  A   57    57  S
RESIDUE    58 A  D    58  A   58    58  D
RESIDUE    59 A  Y    59  A    -     -  -
RESIDUE    60 A  N    60  A    -     -  -
RESIDUE    61 A  I    61  A    -     -  -
RESIDUE    62 A  Q    62  A    -     -  -
RESIDUE    63 A  K    63  A    -     -  -
RESIDUE    64 A  E    64  A    -     -  -
RESIDUE    65 A  S    65  A    -     -  -
RESIDUE    66 A  T    66  A   66    60  T
RESIDUE    67 A  L    67  A   67    61  L
RESIDUE    68 A  H    68  A   68    62  H
RESIDUE    69 A  L    69  A   69    63  L
RESIDUE    70 A  V    70  A   70    64  V
RESIDUE    71 A  L    71  A   71    65  L
RESIDUE    72 A  R    72  A    -     -  -
RESIDUE    73 A  L    73  A    -     -  -
RESIDUE    74 A  R    74  A    -     -  -
RESIDUE    75 A  G    75  A    -     -  -
RESIDUE    76 A  G    76  A    -     -  -
TER
END
