HOME  .
QUERY 3cyn_init
TEMPL 3cyn_build.pdb
RESIDUE     1 A  M     1  A    -     -  -
RESIDUE     2 A  H     2  A    -     -  -
RESIDUE     3 A  H     3  A    -     -  -
RESIDUE     4 A  H     4  A    -     -  -
RESIDUE     5 A  H     5  A    -     -  -
RESIDUE     6 A  H     6  A    -     -  -
RESIDUE     7 A  H     7  A    -     -  -
RESIDUE     8 A  S     8  A    -     -  -
RESIDUE     9 A  S     9  A    -     -  -
RESIDUE    10 A  G    10  A    -     -  -
RESIDUE    11 A  V    11  A    -     -  -
RESIDUE    12 A  D    12  A    -     -  -
RESIDUE    13 A  L    13  A    -     -  -
RESIDUE    14 A  G    14  A    -     -  -
RESIDUE    15 A  T    15  A    -     -  -
RESIDUE    16 A  E    16  A   36     1  E
RESIDUE    17 A  N    17  A   37     2  N
RESIDUE    18 A  L    18  A   38     3  L
RESIDUE    19 A  Y    19  A   39     4  Y
RESIDUE    20 A  F    20  A   40     5  F
RESIDUE    21 A  Q    21  A   41     6  Q
RESIDUE    22 A  S    22  A   42     7  S
RESIDUE    23 A  M    23  A   43     8  M
RESIDUE    24 A  I    24  A   44     9  I
RESIDUE    25 A  N    25  A   45    10  N
RESIDUE    26 A  S    26  A   46    11  S
RESIDUE    27 A  F    27  A   47    12  F
RESIDUE    28 A  Y    28  A   48    13  Y
RESIDUE    29 A  A    29  A   49    14  A
RESIDUE    30 A  F    30  A   50    15  F
RESIDUE    31 A  E    31  A   51    16  E
RESIDUE    32 A  V    32  A   52    17  V
RESIDUE    33 A  K    33  A   53    18  K
RESIDUE    34 A  D    34  A   54    19  D
RESIDUE    35 A  A    35  A   55    20  A
RESIDUE    36 A  K    36  A   56    21  K
RESIDUE    37 A  G    37  A   57    22  G
RESIDUE    38 A  R    38  A   58    23  R
RESIDUE    39 A  T    39  A   59    24  T
RESIDUE    40 A  V    40  A   60    25  V
RESIDUE    41 A  S    41  A   61    26  S
RESIDUE    42 A  L    42  A   62    27  L
RESIDUE    43 A  E    43  A   63    28  E
RESIDUE    44 A  K    44  A   64    29  K
RESIDUE    45 A  Y    45  A   65    30  Y
RESIDUE    46 A  K    46  A   66    31  K
RESIDUE    47 A  G    47  A   67    32  G
RESIDUE    48 A  K    48  A   68    33  K
RESIDUE    49 A  V    49  A   69    34  V
RESIDUE    50 A  S    50  A   70    35  S
RESIDUE    51 A  L    51  A   71    36  L
RESIDUE    52 A  V    52  A   72    37  V
RESIDUE    53 A  V    53  A   73    38  V
RESIDUE    54 A  N    54  A   74    39  N
RESIDUE    55 A  V    55  A   75    40  V
RESIDUE    56 A  A    56  A   76    41  A
RESIDUE    57 A  S    57  A   77    42  S
RESIDUE    58 A  D    58  A   78    43  D
RESIDUE    59 A  C    59  A   79    44  C
RESIDUE    60 A  Q    60  A   80    45  Q
RESIDUE    61 A  L    61  A   81    46  L
RESIDUE    62 A  T    62  A   82    47  T
RESIDUE    63 A  D    63  A   83    48  D
RESIDUE    64 A  R    64  A   84    49  R
RESIDUE    65 A  N    65  A   85    50  N
RESIDUE    66 A  Y    66  A   86    51  Y
RESIDUE    67 A  L    67  A   87    52  L
RESIDUE    68 A  G    68  A   88    53  G
RESIDUE    69 A  L    69  A   89    54  L
RESIDUE    70 A  K    70  A   90    55  K
RESIDUE    71 A  E    71  A   91    56  E
RESIDUE    72 A  L    72  A   92    57  L
RESIDUE    73 A  H    73  A   93    58  H
RESIDUE    74 A  K    74  A   94    59  K
RESIDUE    75 A  E    75  A   95    60  E
RESIDUE    76 A  F    76  A   96    61  F
RESIDUE    77 A  G    77  A   97    62  G
RESIDUE    78 A  P    78  A   98    63  P
RESIDUE    79 A  S    79  A   99    64  S
RESIDUE    80 A  H    80  A  100    65  H
RESIDUE    81 A  F    81  A  101    66  F
RESIDUE    82 A  S    82  A  102    67  S
RESIDUE    83 A  V    83  A  103    68  V
RESIDUE    84 A  L    84  A  104    69  L
RESIDUE    85 A  A    85  A  105    70  A
RESIDUE    86 A  F    86  A  106    71  F
RESIDUE    87 A  P    87  A  107    72  P
RESIDUE    88 A  C    88  A  108    73  C
RESIDUE    89 A  N    89  A  109    74  N
RESIDUE    90 A  Q    90  A  110    75  Q
RESIDUE    91 A  F    91  A  111    76  F
RESIDUE    92 A  G    92  A  112    77  G
RESIDUE    93 A  E    93  A  113    78  E
RESIDUE    94 A  S    94  A  114    79  S
RESIDUE    95 A  E    95  A  115    80  E
RESIDUE    96 A  P    96  A  116    81  P
RESIDUE    97 A  R    97  A  117    82  R
RESIDUE    98 A  P    98  A  118    83  P
RESIDUE    99 A  S    99  A  119    84  S
RESIDUE   100 A  K   100  A  120    85  K
RESIDUE   101 A  E   101  A  121    86  E
RESIDUE   102 A  V   102  A  122    87  V
RESIDUE   103 A  E   103  A  123    88  E
RESIDUE   104 A  S   104  A  124    89  S
RESIDUE   105 A  F   105  A  125    90  F
RESIDUE   106 A  A   106  A  126    91  A
RESIDUE   107 A  R   107  A  127    92  R
RESIDUE   108 A  K   108  A  128    93  K
RESIDUE   109 A  N   109  A  129    94  N
RESIDUE   110 A  Y   110  A  130    95  Y
RESIDUE   111 A  G   111  A  131    96  G
RESIDUE   112 A  V   112  A  132    97  V
RESIDUE   113 A  T   113  A  133    98  T
RESIDUE   114 A  F   114  A  134    99  F
RESIDUE   115 A  P   115  A  135   100  P
RESIDUE   116 A  I   116  A  136   101  I
RESIDUE   117 A  F   117  A  137   102  F
RESIDUE   118 A  H   118  A  138   103  H
RESIDUE   119 A  K   119  A  139   104  K
RESIDUE   120 A  I   120  A    -     -  -
RESIDUE   121 A  K   121  A    -     -  -
RESIDUE   122 A  I   122  A    -     -  -
RESIDUE   123 A  L   123  A    -     -  -
RESIDUE   124 A  G   124  A    -     -  -
RESIDUE   125 A  S   125  A    -     -  -
RESIDUE   126 A  E   126  A    -     -  -
RESIDUE   127 A  G   127  A    -     -  -
RESIDUE   128 A  E   128  A  148   106  E
RESIDUE   129 A  P   129  A  149   107  P
RESIDUE   130 A  A   130  A  150   108  A
RESIDUE   131 A  F   131  A  151   109  F
RESIDUE   132 A  R   132  A  152   110  R
RESIDUE   133 A  F   133  A  153   111  F
RESIDUE   134 A  L   134  A  154   112  L
RESIDUE   135 A  V   135  A  155   113  V
RESIDUE   136 A  D   136  A  156   114  D
RESIDUE   137 A  S   137  A  157   115  S
RESIDUE   138 A  S   138  A  158   116  S
RESIDUE   139 A  K   139  A  159   117  K
RESIDUE   140 A  K   140  A  160   118  K
RESIDUE   141 A  E   141  A  161   119  E
RESIDUE   142 A  P   142  A  162   120  P
RESIDUE   143 A  R   143  A  163   121  R
RESIDUE   144 A  W   144  A  164   122  W
RESIDUE   145 A  N   145  A  165   123  N
RESIDUE   146 A  F   146  A  166   124  F
RESIDUE   147 A  W   147  A  167   125  W
RESIDUE   148 A  K   148  A  168   126  K
RESIDUE   149 A  Y   149  A  169   127  Y
RESIDUE   150 A  L   150  A  170   128  L
RESIDUE   151 A  V   151  A  171   129  V
RESIDUE   152 A  N   152  A  172   130  N
RESIDUE   153 A  P   153  A  173   131  P
RESIDUE   154 A  E   154  A  174   132  E
RESIDUE   155 A  G   155  A  175   133  G
RESIDUE   156 A  Q   156  A  176   134  Q
RESIDUE   157 A  V   157  A  177   135  V
RESIDUE   158 A  V   158  A  178   136  V
RESIDUE   159 A  K   159  A  179   137  K
RESIDUE   160 A  F   160  A  180   138  F
RESIDUE   161 A  W   161  A  181   139  W
RESIDUE   162 A  R   162  A  182   140  R
RESIDUE   163 A  P   163  A  183   141  P
RESIDUE   164 A  E   164  A  184   142  E
RESIDUE   165 A  E   165  A  185   143  E
RESIDUE   166 A  P   166  A  186   144  P
RESIDUE   167 A  I   167  A  187   145  I
RESIDUE   168 A  E   168  A  188   146  E
RESIDUE   169 A  V   169  A  189   147  V
RESIDUE   170 A  I   170  A  190   148  I
RESIDUE   171 A  R   171  A  191   149  R
RESIDUE   172 A  P   172  A  192   150  P
RESIDUE   173 A  D   173  A  193   151  D
RESIDUE   174 A  I   174  A  194   152  I
RESIDUE   175 A  A   175  A  195   153  A
RESIDUE   176 A  A   176  A  196   154  A
RESIDUE   177 A  L   177  A  197   155  L
RESIDUE   178 A  V   178  A  198   156  V
RESIDUE   179 A  R   179  A  199   157  R
RESIDUE   180 A  Q   180  A  200   158  Q
RESIDUE   181 A  V   181  A  201   159  V
RESIDUE   182 A  I   182  A  202   160  I
RESIDUE   183 A  I   183  A  203   161  I
RESIDUE   184 A  K   184  A  204   162  K
RESIDUE   185 A  K   185  A  205   163  K
RESIDUE   186 A  K   186  A  206   164  K
RESIDUE   187 A  E   187  A  207   165  E
RESIDUE   188 A  D   188  A  208   166  D
RESIDUE   189 A  L   189  A  209   167  L
TER
RESIDUE   190 B  M   190  B    -     -  -
RESIDUE   191 B  H   191  B    -     -  -
RESIDUE   192 B  H   192  B    -     -  -
RESIDUE   193 B  H   193  B    -     -  -
RESIDUE   194 B  H   194  B    -     -  -
RESIDUE   195 B  H   195  B    -     -  -
RESIDUE   196 B  H   196  B    -     -  -
RESIDUE   197 B  S   197  B    -     -  -
RESIDUE   198 B  S   198  B    -     -  -
RESIDUE   199 B  G   199  B    -     -  -
RESIDUE   200 B  V   200  B    -     -  -
RESIDUE   201 B  D   201  B    -     -  -
RESIDUE   202 B  L   202  B    -     -  -
RESIDUE   203 B  G   203  B    -     -  -
RESIDUE   204 B  T   204  B    -     -  -
RESIDUE   205 B  E   205  B    -     -  -
RESIDUE   206 B  N   206  B   37   168  N
RESIDUE   207 B  L   207  B   38   169  L
RESIDUE   208 B  Y   208  B   39   170  Y
RESIDUE   209 B  F   209  B   40   171  F
RESIDUE   210 B  Q   210  B   41   172  Q
RESIDUE   211 B  S   211  B   42   173  S
RESIDUE   212 B  M   212  B   43   174  M
RESIDUE   213 B  I   213  B   44   175  I
RESIDUE   214 B  N   214  B   45   176  N
RESIDUE   215 B  S   215  B   46   177  S
RESIDUE   216 B  F   216  B   47   178  F
RESIDUE   217 B  Y   217  B   48   179  Y
RESIDUE   218 B  A   218  B   49   180  A
RESIDUE   219 B  F   219  B   50   181  F
RESIDUE   220 B  E   220  B   51   182  E
RESIDUE   221 B  V   221  B   52   183  V
RESIDUE   222 B  K   222  B   53   184  K
RESIDUE   223 B  D   223  B   54   185  D
RESIDUE   224 B  A   224  B   55   186  A
RESIDUE   225 B  K   225  B   56   187  K
RESIDUE   226 B  G   226  B   57   188  G
RESIDUE   227 B  R   227  B   58   189  R
RESIDUE   228 B  T   228  B   59   190  T
RESIDUE   229 B  V   229  B   60   191  V
RESIDUE   230 B  S   230  B   61   192  S
RESIDUE   231 B  L   231  B   62   193  L
RESIDUE   232 B  E   232  B   63   194  E
RESIDUE   233 B  K   233  B   64   195  K
RESIDUE   234 B  Y   234  B   65   196  Y
RESIDUE   235 B  K   235  B   66   197  K
RESIDUE   236 B  G   236  B   67   198  G
RESIDUE   237 B  K   237  B   68   199  K
RESIDUE   238 B  V   238  B   69   200  V
RESIDUE   239 B  S   239  B   70   201  S
RESIDUE   240 B  L   240  B   71   202  L
RESIDUE   241 B  V   241  B   72   203  V
RESIDUE   242 B  V   242  B   73   204  V
RESIDUE   243 B  N   243  B   74   205  N
RESIDUE   244 B  V   244  B   75   206  V
RESIDUE   245 B  A   245  B   76   207  A
RESIDUE   246 B  S   246  B   77   208  S
RESIDUE   247 B  D   247  B   78   209  D
RESIDUE   248 B  C   248  B   79   210  C
RESIDUE   249 B  Q   249  B   80   211  Q
RESIDUE   250 B  L   250  B   81   212  L
RESIDUE   251 B  T   251  B   82   213  T
RESIDUE   252 B  D   252  B   83   214  D
RESIDUE   253 B  R   253  B   84   215  R
RESIDUE   254 B  N   254  B   85   216  N
RESIDUE   255 B  Y   255  B   86   217  Y
RESIDUE   256 B  L   256  B   87   218  L
RESIDUE   257 B  G   257  B   88   219  G
RESIDUE   258 B  L   258  B   89   220  L
RESIDUE   259 B  K   259  B   90   221  K
RESIDUE   260 B  E   260  B   91   222  E
RESIDUE   261 B  L   261  B   92   223  L
RESIDUE   262 B  H   262  B   93   224  H
RESIDUE   263 B  K   263  B   94   225  K
RESIDUE   264 B  E   264  B   95   226  E
RESIDUE   265 B  F   265  B   96   227  F
RESIDUE   266 B  G   266  B   97   228  G
RESIDUE   267 B  P   267  B   98   229  P
RESIDUE   268 B  S   268  B   99   230  S
RESIDUE   269 B  H   269  B  100   231  H
RESIDUE   270 B  F   270  B  101   232  F
RESIDUE   271 B  S   271  B  102   233  S
RESIDUE   272 B  V   272  B  103   234  V
RESIDUE   273 B  L   273  B  104   235  L
RESIDUE   274 B  A   274  B  105   236  A
RESIDUE   275 B  F   275  B  106   237  F
RESIDUE   276 B  P   276  B  107   238  P
RESIDUE   277 B  C   277  B  108   239  C
RESIDUE   278 B  N   278  B  109   240  N
RESIDUE   279 B  Q   279  B  110   241  Q
RESIDUE   280 B  F   280  B  111   242  F
RESIDUE   281 B  G   281  B  112   243  G
RESIDUE   282 B  E   282  B  113   244  E
RESIDUE   283 B  S   283  B  114   245  S
RESIDUE   284 B  E   284  B  115   246  E
RESIDUE   285 B  P   285  B  116   247  P
RESIDUE   286 B  R   286  B  117   248  R
RESIDUE   287 B  P   287  B  118   249  P
RESIDUE   288 B  S   288  B  119   250  S
RESIDUE   289 B  K   289  B  120   251  K
RESIDUE   290 B  E   290  B  121   252  E
RESIDUE   291 B  V   291  B  122   253  V
RESIDUE   292 B  E   292  B  123   254  E
RESIDUE   293 B  S   293  B  124   255  S
RESIDUE   294 B  F   294  B  125   256  F
RESIDUE   295 B  A   295  B  126   257  A
RESIDUE   296 B  R   296  B  127   258  R
RESIDUE   297 B  K   297  B  128   259  K
RESIDUE   298 B  N   298  B  129   260  N
RESIDUE   299 B  Y   299  B  130   261  Y
RESIDUE   300 B  G   300  B  131   262  G
RESIDUE   301 B  V   301  B  132   263  V
RESIDUE   302 B  T   302  B  133   264  T
RESIDUE   303 B  F   303  B  134   265  F
RESIDUE   304 B  P   304  B  135   266  P
RESIDUE   305 B  I   305  B  136   267  I
RESIDUE   306 B  F   306  B  137   268  F
RESIDUE   307 B  H   307  B  138   269  H
RESIDUE   308 B  K   308  B  139   270  K
RESIDUE   309 B  I   309  B    -     -  -
RESIDUE   310 B  K   310  B    -     -  -
RESIDUE   311 B  I   311  B    -     -  -
RESIDUE   312 B  L   312  B    -     -  -
RESIDUE   313 B  G   313  B    -     -  -
RESIDUE   314 B  S   314  B    -     -  -
RESIDUE   315 B  E   315  B    -     -  -
RESIDUE   316 B  G   316  B    -     -  -
RESIDUE   317 B  E   317  B  148   272  E
RESIDUE   318 B  P   318  B  149   273  P
RESIDUE   319 B  A   319  B  150   274  A
RESIDUE   320 B  F   320  B  151   275  F
RESIDUE   321 B  R   321  B  152   276  R
RESIDUE   322 B  F   322  B  153   277  F
RESIDUE   323 B  L   323  B  154   278  L
RESIDUE   324 B  V   324  B  155   279  V
RESIDUE   325 B  D   325  B  156   280  D
RESIDUE   326 B  S   326  B  157   281  S
RESIDUE   327 B  S   327  B  158   282  S
RESIDUE   328 B  K   328  B  159   283  K
RESIDUE   329 B  K   329  B  160   284  K
RESIDUE   330 B  E   330  B  161   285  E
RESIDUE   331 B  P   331  B  162   286  P
RESIDUE   332 B  R   332  B  163   287  R
RESIDUE   333 B  W   333  B  164   288  W
RESIDUE   334 B  N   334  B  165   289  N
RESIDUE   335 B  F   335  B  166   290  F
RESIDUE   336 B  W   336  B  167   291  W
RESIDUE   337 B  K   337  B  168   292  K
RESIDUE   338 B  Y   338  B  169   293  Y
RESIDUE   339 B  L   339  B  170   294  L
RESIDUE   340 B  V   340  B  171   295  V
RESIDUE   341 B  N   341  B  172   296  N
RESIDUE   342 B  P   342  B  173   297  P
RESIDUE   343 B  E   343  B  174   298  E
RESIDUE   344 B  G   344  B  175   299  G
RESIDUE   345 B  Q   345  B  176   300  Q
RESIDUE   346 B  V   346  B  177   301  V
RESIDUE   347 B  V   347  B  178   302  V
RESIDUE   348 B  K   348  B  179   303  K
RESIDUE   349 B  F   349  B  180   304  F
RESIDUE   350 B  W   350  B  181   305  W
RESIDUE   351 B  R   351  B  182   306  R
RESIDUE   352 B  P   352  B  183   307  P
RESIDUE   353 B  E   353  B  184   308  E
RESIDUE   354 B  E   354  B  185   309  E
RESIDUE   355 B  P   355  B  186   310  P
RESIDUE   356 B  I   356  B  187   311  I
RESIDUE   357 B  E   357  B  188   312  E
RESIDUE   358 B  V   358  B  189   313  V
RESIDUE   359 B  I   359  B  190   314  I
RESIDUE   360 B  R   360  B  191   315  R
RESIDUE   361 B  P   361  B  192   316  P
RESIDUE   362 B  D   362  B  193   317  D
RESIDUE   363 B  I   363  B  194   318  I
RESIDUE   364 B  A   364  B  195   319  A
RESIDUE   365 B  A   365  B  196   320  A
RESIDUE   366 B  L   366  B  197   321  L
RESIDUE   367 B  V   367  B  198   322  V
RESIDUE   368 B  R   368  B  199   323  R
RESIDUE   369 B  Q   369  B  200   324  Q
RESIDUE   370 B  V   370  B  201   325  V
RESIDUE   371 B  I   371  B  202   326  I
RESIDUE   372 B  I   372  B  203   327  I
RESIDUE   373 B  K   373  B  204   328  K
RESIDUE   374 B  K   374  B  205   329  K
RESIDUE   375 B  K   375  B  206   330  K
RESIDUE   376 B  E   376  B  207   331  E
RESIDUE   377 B  D   377  B  208   332  D
RESIDUE   378 B  L   378  B  209   333  L
TER
RESIDUE   379 C  M   379  C    -     -  -
RESIDUE   380 C  H   380  C    -     -  -
RESIDUE   381 C  H   381  C    -     -  -
RESIDUE   382 C  H   382  C    -     -  -
RESIDUE   383 C  H   383  C    -     -  -
RESIDUE   384 C  H   384  C    -     -  -
RESIDUE   385 C  H   385  C    -     -  -
RESIDUE   386 C  S   386  C    -     -  -
RESIDUE   387 C  S   387  C    -     -  -
RESIDUE   388 C  G   388  C    -     -  -
RESIDUE   389 C  V   389  C    -     -  -
RESIDUE   390 C  D   390  C    -     -  -
RESIDUE   391 C  L   391  C    -     -  -
RESIDUE   392 C  G   392  C   34   334  G
RESIDUE   393 C  T   393  C   35   335  T
RESIDUE   394 C  E   394  C   36   336  E
RESIDUE   395 C  N   395  C   37   337  N
RESIDUE   396 C  L   396  C   38   338  L
RESIDUE   397 C  Y   397  C   39   339  Y
RESIDUE   398 C  F   398  C   40   340  F
RESIDUE   399 C  Q   399  C   41   341  Q
RESIDUE   400 C  S   400  C   42   342  S
RESIDUE   401 C  M   401  C   43   343  M
RESIDUE   402 C  I   402  C   44   344  I
RESIDUE   403 C  N   403  C   45   345  N
RESIDUE   404 C  S   404  C   46   346  S
RESIDUE   405 C  F   405  C   47   347  F
RESIDUE   406 C  Y   406  C   48   348  Y
RESIDUE   407 C  A   407  C   49   349  A
RESIDUE   408 C  F   408  C   50   350  F
RESIDUE   409 C  E   409  C   51   351  E
RESIDUE   410 C  V   410  C   52   352  V
RESIDUE   411 C  K   411  C   53   353  K
RESIDUE   412 C  D   412  C   54   354  D
RESIDUE   413 C  A   413  C   55   355  A
RESIDUE   414 C  K   414  C   56   356  K
RESIDUE   415 C  G   415  C   57   357  G
RESIDUE   416 C  R   416  C   58   358  R
RESIDUE   417 C  T   417  C   59   359  T
RESIDUE   418 C  V   418  C   60   360  V
RESIDUE   419 C  S   419  C   61   361  S
RESIDUE   420 C  L   420  C   62   362  L
RESIDUE   421 C  E   421  C   63   363  E
RESIDUE   422 C  K   422  C   64   364  K
RESIDUE   423 C  Y   423  C   65   365  Y
RESIDUE   424 C  K   424  C   66   366  K
RESIDUE   425 C  G   425  C   67   367  G
RESIDUE   426 C  K   426  C   68   368  K
RESIDUE   427 C  V   427  C   69   369  V
RESIDUE   428 C  S   428  C   70   370  S
RESIDUE   429 C  L   429  C   71   371  L
RESIDUE   430 C  V   430  C   72   372  V
RESIDUE   431 C  V   431  C   73   373  V
RESIDUE   432 C  N   432  C   74   374  N
RESIDUE   433 C  V   433  C   75   375  V
RESIDUE   434 C  A   434  C   76   376  A
RESIDUE   435 C  S   435  C   77   377  S
RESIDUE   436 C  D   436  C   78   378  D
RESIDUE   437 C  C   437  C   79   379  C
RESIDUE   438 C  Q   438  C   80   380  Q
RESIDUE   439 C  L   439  C   81   381  L
RESIDUE   440 C  T   440  C   82   382  T
RESIDUE   441 C  D   441  C   83   383  D
RESIDUE   442 C  R   442  C   84   384  R
RESIDUE   443 C  N   443  C   85   385  N
RESIDUE   444 C  Y   444  C   86   386  Y
RESIDUE   445 C  L   445  C   87   387  L
RESIDUE   446 C  G   446  C   88   388  G
RESIDUE   447 C  L   447  C   89   389  L
RESIDUE   448 C  K   448  C   90   390  K
RESIDUE   449 C  E   449  C   91   391  E
RESIDUE   450 C  L   450  C   92   392  L
RESIDUE   451 C  H   451  C   93   393  H
RESIDUE   452 C  K   452  C   94   394  K
RESIDUE   453 C  E   453  C   95   395  E
RESIDUE   454 C  F   454  C   96   396  F
RESIDUE   455 C  G   455  C   97   397  G
RESIDUE   456 C  P   456  C   98   398  P
RESIDUE   457 C  S   457  C   99   399  S
RESIDUE   458 C  H   458  C  100   400  H
RESIDUE   459 C  F   459  C  101   401  F
RESIDUE   460 C  S   460  C  102   402  S
RESIDUE   461 C  V   461  C  103   403  V
RESIDUE   462 C  L   462  C  104   404  L
RESIDUE   463 C  A   463  C  105   405  A
RESIDUE   464 C  F   464  C  106   406  F
RESIDUE   465 C  P   465  C  107   407  P
RESIDUE   466 C  C   466  C  108   408  C
RESIDUE   467 C  N   467  C  109   409  N
RESIDUE   468 C  Q   468  C  110   410  Q
RESIDUE   469 C  F   469  C  111   411  F
RESIDUE   470 C  G   470  C  112   412  G
RESIDUE   471 C  E   471  C  113   413  E
RESIDUE   472 C  S   472  C  114   414  S
RESIDUE   473 C  E   473  C  115   415  E
RESIDUE   474 C  P   474  C  116   416  P
RESIDUE   475 C  R   475  C  117   417  R
RESIDUE   476 C  P   476  C  118   418  P
RESIDUE   477 C  S   477  C  119   419  S
RESIDUE   478 C  K   478  C  120   420  K
RESIDUE   479 C  E   479  C  121   421  E
RESIDUE   480 C  V   480  C  122   422  V
RESIDUE   481 C  E   481  C  123   423  E
RESIDUE   482 C  S   482  C  124   424  S
RESIDUE   483 C  F   483  C  125   425  F
RESIDUE   484 C  A   484  C  126   426  A
RESIDUE   485 C  R   485  C  127   427  R
RESIDUE   486 C  K   486  C  128   428  K
RESIDUE   487 C  N   487  C  129   429  N
RESIDUE   488 C  Y   488  C  130   430  Y
RESIDUE   489 C  G   489  C  131   431  G
RESIDUE   490 C  V   490  C  132   432  V
RESIDUE   491 C  T   491  C  133   433  T
RESIDUE   492 C  F   492  C  134   434  F
RESIDUE   493 C  P   493  C  135   435  P
RESIDUE   494 C  I   494  C  136   436  I
RESIDUE   495 C  F   495  C  137   437  F
RESIDUE   496 C  H   496  C  138   438  H
RESIDUE   497 C  K   497  C  139   439  K
RESIDUE   498 C  I   498  C    -     -  -
RESIDUE   499 C  K   499  C    -     -  -
RESIDUE   500 C  I   500  C    -     -  -
RESIDUE   501 C  L   501  C    -     -  -
RESIDUE   502 C  G   502  C    -     -  -
RESIDUE   503 C  S   503  C    -     -  -
RESIDUE   504 C  E   504  C    -     -  -
RESIDUE   505 C  G   505  C    -     -  -
RESIDUE   506 C  E   506  C  148   441  E
RESIDUE   507 C  P   507  C  149   442  P
RESIDUE   508 C  A   508  C  150   443  A
RESIDUE   509 C  F   509  C  151   444  F
RESIDUE   510 C  R   510  C  152   445  R
RESIDUE   511 C  F   511  C  153   446  F
RESIDUE   512 C  L   512  C  154   447  L
RESIDUE   513 C  V   513  C  155   448  V
RESIDUE   514 C  D   514  C  156   449  D
RESIDUE   515 C  S   515  C  157   450  S
RESIDUE   516 C  S   516  C  158   451  S
RESIDUE   517 C  K   517  C  159   452  K
RESIDUE   518 C  K   518  C  160   453  K
RESIDUE   519 C  E   519  C  161   454  E
RESIDUE   520 C  P   520  C  162   455  P
RESIDUE   521 C  R   521  C  163   456  R
RESIDUE   522 C  W   522  C  164   457  W
RESIDUE   523 C  N   523  C  165   458  N
RESIDUE   524 C  F   524  C  166   459  F
RESIDUE   525 C  W   525  C  167   460  W
RESIDUE   526 C  K   526  C  168   461  K
RESIDUE   527 C  Y   527  C  169   462  Y
RESIDUE   528 C  L   528  C  170   463  L
RESIDUE   529 C  V   529  C  171   464  V
RESIDUE   530 C  N   530  C  172   465  N
RESIDUE   531 C  P   531  C  173   466  P
RESIDUE   532 C  E   532  C  174   467  E
RESIDUE   533 C  G   533  C  175   468  G
RESIDUE   534 C  Q   534  C  176   469  Q
RESIDUE   535 C  V   535  C  177   470  V
RESIDUE   536 C  V   536  C  178   471  V
RESIDUE   537 C  K   537  C  179   472  K
RESIDUE   538 C  F   538  C  180   473  F
RESIDUE   539 C  W   539  C  181   474  W
RESIDUE   540 C  R   540  C  182   475  R
RESIDUE   541 C  P   541  C  183   476  P
RESIDUE   542 C  E   542  C  184   477  E
RESIDUE   543 C  E   543  C  185   478  E
RESIDUE   544 C  P   544  C  186   479  P
RESIDUE   545 C  I   545  C  187   480  I
RESIDUE   546 C  E   546  C  188   481  E
RESIDUE   547 C  V   547  C  189   482  V
RESIDUE   548 C  I   548  C  190   483  I
RESIDUE   549 C  R   549  C  191   484  R
RESIDUE   550 C  P   550  C  192   485  P
RESIDUE   551 C  D   551  C  193   486  D
RESIDUE   552 C  I   552  C  194   487  I
RESIDUE   553 C  A   553  C  195   488  A
RESIDUE   554 C  A   554  C  196   489  A
RESIDUE   555 C  L   555  C  197   490  L
RESIDUE   556 C  V   556  C  198   491  V
RESIDUE   557 C  R   557  C  199   492  R
RESIDUE   558 C  Q   558  C  200   493  Q
RESIDUE   559 C  V   559  C  201   494  V
RESIDUE   560 C  I   560  C  202   495  I
RESIDUE   561 C  I   561  C  203   496  I
RESIDUE   562 C  K   562  C  204   497  K
RESIDUE   563 C  K   563  C  205   498  K
RESIDUE   564 C  K   564  C  206   499  K
RESIDUE   565 C  E   565  C  207   500  E
RESIDUE   566 C  D   566  C  208   501  D
RESIDUE   567 C  L   567  C  209   502  L
TER
END
